// Jest Snapshot v1, https://goo.gl/fbAQLP

exports[`<Checkbox /> renders correctly 1`] = `
<div
  className="position-relative form-check"
>
  <label
    className="form-check-label"
  >
    <input
      className="form-check-input"
      type="checkbox"
    />
    <span
      className="form-check-sign"
    />
    
  </label>
</div>
`;

exports[`<Checkbox /> should render correctly 1`] = `
<div
  className="position-relative form-check"
>
  <label
    className="form-check-label"
  >
    <input
      className="form-check-input"
      type="checkbox"
    />
    <span
      className="form-check-sign"
    />
    
  </label>
</div>
`;
